// Jest Snapshot v1, https://goo.gl/fbAQLP

exports[`<Button /> matches styled component snapshot 1`] = `
.ibbjEI {
  background-color: #E9E9E6;
  width: inherit;
  height: inherit;
  padding: ;
  overflow: hidden;
  display: -webkit-box;
  display: -moz-box;
  display: -ms-flexbox;
  display: -webkit-flex;
  display: flex;
  justify-content: flex-start;
  -webkit-box-pack: start;
  -ms-flex-pack: start;
  -webkit-justify-content: flex-start;
  color: #1B1B1B;
  font-size: 1.2rem;
  font-family: 'Quicksand', sans-serif;
  border: none;
  border-radius: 3px;
  transition: all .3s, -ms-transform .4s ease-out, -webkit-transform .4s ease-out, transform .4s ease-out;
  -webkit-transition: all .3s, -webkit-transform .4s ease-out, transform .4s ease-out;
}

.ibbjEI:hover {
  cursor: pointer;
  background-color: #DFDFDC;
  transform: children:;
  -ms-transform: children:;
  -webkit-transform: children:;
  -hello: ;
}



.ibbjEI:active {
  transform: children:;
  -ms-transform: children:;
  -webkit-transform: children:;
  -hello: ;
  background-color: #D8D7D2;
}



.ibbjEI:focus {
  transform: children:;
  -ms-transform: children:;
  -webkit-transform: children:;
  -hello: ;
  outline: none;
}



<button
  className="ibbjEI"
>
  Hello
</button>
`;
