// Jest Snapshot v1, https://goo.gl/fbAQLP

exports[`<Button /> can render in an inverted style 1`] = `
.drxYMY {
  padding: 0.5rem 1rem;
  background-color: #FFB00C;
  font-size: 1.2rem;
  font-family: PT Sans;
  color: #161616;
  transition-duration: 0.25s;
  -webkit-transition-duration: 0.25s;
  border: none;
  border-radius: 3px;
}

.drxYMY:hover {
  cursor: pointer;
  background-color: #FFA104;
}

.drxYMY:focus {
  outline: none;
}

<button
  className="drxYMY"
>
  Hello
</button>
`;
