// Jest Snapshot v1, https://goo.gl/fbAQLP

exports[`<Button /> matches styled component snapshot 1`] = `
.keCvcC {
  background-color: #FFB00C;
  width: inherit;
  height: inherit;
  padding: 0.2rem 0.5rem;
  overflow: hidden;
  display: -webkit-box;
  display: -moz-box;
  display: -ms-flexbox;
  display: -webkit-flex;
  display: flex;
  justify-content: flex-start;
  -webkit-box-pack: start;
  -ms-flex-pack: start;
  -webkit-justify-content: flex-start;
  color: #161616;
  font-size: ;
  font-family: 'Quicksand', sans-serif;
  border: none;
  border-radius: 3px;
  transition: all .3s, -ms-transform .4s ease-out, -webkit-transform .4s ease-out, transform .4s ease-out;
  -webkit-transition: all .3s, -webkit-transform .4s ease-out, transform .4s ease-out;
}

.keCvcC:hover {
  cursor: pointer;
  background-color: #FFA104;
  transform: children:;
  -ms-transform: children:;
  -webkit-transform: children:;
  -hello: ;
}



.keCvcC:active {
  transform: children:;
  -ms-transform: children:;
  -webkit-transform: children:;
  -hello: ;
}



.keCvcC:focus {
  transform: children:;
  -ms-transform: children:;
  -webkit-transform: children:;
  -hello: ;
  outline: none;
}



<button
  className="keCvcC"
>
  Hello
</button>
`;
