// Jest Snapshot v1, https://goo.gl/fbAQLP

exports[`<Segment /> matches styled component snapshot 1`] = `
.cRKSpU {
  position: relative;
  background: #FFFFFF;
  color: #1B1B1B;
  box-shadow: 0px 1px 2px 0 rgba(34, 36, 38, 0.15);
  padding: ;
  border-radius: 3px;
  border: 1px solid rgba(34, 36, 38, 0.15);
}





<div
  className="cRKSpU"
>
  Hello
</div>
`;
