// Jest Snapshot v1, https://goo.gl/fbAQLP

exports[`<ButtonGroup horizontal /> first button has no border-radius on right corners 1`] = `
.gWnTzQ {
  display: -webkit-box;
  display: -moz-box;
  display: -ms-inline-flexbox;
  display: -webkit-inline-flex;
  display: inline-flex;
}

.bXmVtO {
  padding: 0.5rem 1rem;
  background-color: #FFB00C;
  font-size: 1.2rem;
  font-family: PT Sans;
  color: #161616;
  transition-duration: 0.5s;
  -webkit-transition-duration: 0.5s;
  border: none;
  border-radius: 3px;
}

.bXmVtO:hover {
  cursor: pointer;
  background-color: #FFA104;
}

.bXmVtO:focus {
  outline: none;
}

<div
  className="gWnTzQ"
>
  <button
    className="bXmVtO"
  >
    Left
  </button>
  <button
    className="bXmVtO"
  >
    Middle
  </button>
  <button
    className="bXmVtO"
  >
    Right
  </button>
</div>
`;
