// Jest Snapshot v1, https://goo.gl/fbAQLP

exports[`<ButtonGroup horizontal /> matches styled component snapshot 1`] = `
.kkztTS {
  display: -webkit-box;
  display: -moz-box;
  display: -ms-inline-flexbox;
  display: -webkit-inline-flex;
  display: inline-flex;
  flex-direction: row;
  -webkit-box-direction: normal;
  -webkit-box-orient: horizontal;
  -ms-flex-direction: row;
  -webkit-flex-direction: row;
}

.dbSbPF {
  background-color: #FFB00C;
  font-size: 1.2rem;
  font-family: 'Quicksand', sans-serif;
  color: #161616;
  transition-duration: 0.25s;
  -webkit-transition-duration: 0.25s;
  border: none;
  border-radius: 3px;
  display: -webkit-box;
  display: -moz-box;
  display: -ms-flexbox;
  display: -webkit-flex;
  display: flex;
  justify-content: flex-start;
  -webkit-box-pack: start;
  -ms-flex-pack: start;
  -webkit-justify-content: flex-start;
  width: inherit;
  height: inherit;
  overflow: hidden;
  padding: 0.2rem 0.5rem;
}

.dbSbPF:hover {
  cursor: pointer;
  background-color: #FFA104;
}

.dbSbPF:focus {
  outline: none;
}

<div
  className="kkztTS"
>
  <button
    className="dbSbPF"
  >
    Left
  </button>
  <button
    className="dbSbPF"
  >
    Middle
  </button>
  <button
    className="dbSbPF"
  >
    Right
  </button>
</div>
`;
